// Jest Snapshot v1, https://goo.gl/fbAQLP

exports[`should render ExpenseList with empty message 1`] = `
<div>
  <p>
    No expenses
  </p>
</div>
`;

exports[`should render ExpenseList with expenses 1`] = `
<div>
  <ExpenseListItem
    amount={1930}
    createdAt={0}
    description="No"
    id="1"
    key="1"
    note=""
  />
  <ExpenseListItem
    amount={950}
    createdAt={-345600000}
    description="Pain"
    id="2"
    key="2"
    note=""
  />
  <ExpenseListItem
    amount={550}
    createdAt={345600000}
    description="No"
    id="3"
    key="3"
    note=""
  />
  <ExpenseListItem
    amount={13000}
    createdAt={1296000000}
    description="Gain"
    id="4"
    key="4"
    note=""
  />
</div>
`;
