// Jest Snapshot v1, https://goo.gl/fbAQLP

exports[`should render a single expense list correctly 1`] = `
<div>
  <Link
    replace={false}
    to="/edit/4"
  >
    <h3>
      Gain
    </h3>
  </Link>
  <p>
    $130.00
    -
    January 16th, 1970
  </p>
</div>
`;
